// Jest Snapshot v1, https://goo.gl/fbAQLP

exports[`Should TabOverview renderer correctly 1`] = `
Array [
  <div
    className="movie-rating"
  >
    <div
      className="movie-rating__score"
    >
      0,0
    </div>
    <p
      className="movie-rating__meta"
    >
      <span
        className="movie-rating__level"
      >
        OK
      </span>
      <span
        className="movie-rating__count"
      >
        0 ratings
      </span>
    </p>
  </div>,
  <div
    className="movie-card__text"
  >
    <p>
      text...
    </p>
    <p
      className="movie-card__director"
    >
      <strong>
        Director: Steven Zaillian
      </strong>
    </p>
    <p
      className="movie-card__starring"
    >
      <strong>
        Starring: John Travolta, Robert Duvall, Stephen Fry
      </strong>
    </p>
  </div>,
]
`;
