// Jest Snapshot v1, https://goo.gl/fbAQLP

exports[`withFullScreenPlayer is renderer correctly 1`] = `<div />`;
