// Jest Snapshot v1, https://goo.gl/fbAQLP

exports[`withShowPlayer is renderer correctly 1`] = `<div />`;
