// Jest Snapshot v1, https://goo.gl/fbAQLP

exports[`Render list tabs correctly 1`] = `
<div
  className="movie-card__desc"
>
  <nav
    className="movie-nav movie-card__nav"
  >
    <ul
      className="movie-nav__list"
    >
      <li
        className="movie-nav__item movie-nav__item--active"
      >
        <a
          className="movie-nav__link"
          href="#"
          onClick={[Function]}
        >
          Overview
        </a>
      </li>
      <li
        className="movie-nav__item "
      >
        <a
          className="movie-nav__link"
          href="#"
          onClick={[Function]}
        >
          Details
        </a>
      </li>
      <li
        className="movie-nav__item "
      >
        <a
          className="movie-nav__link"
          href="#"
          onClick={[Function]}
        >
          Reviews
        </a>
      </li>
    </ul>
  </nav>
  <div
    className="movie-rating"
  >
    <div
      className="movie-rating__score"
    >
      8,9
    </div>
    <p
      className="movie-rating__meta"
    >
      <span
        className="movie-rating__level"
      >
        level
      </span>
      <span
        className="movie-rating__count"
      >
        240 ratings
      </span>
    </p>
  </div>
  <div
    className="movie-card__text"
  >
    <p>
      текст...
    </p>
    <p
      className="movie-card__director"
    >
      <strong>
        Director: Director
      </strong>
    </p>
    <p
      className="movie-card__starring"
    >
      <strong>
        Starring: starring
      </strong>
    </p>
  </div>
</div>
`;
