// Jest Snapshot v1, https://goo.gl/fbAQLP

exports[`Should TabDetails renderer correctly 1`] = `
<div
  className="movie-card__text movie-card__row"
>
  <div
    className="movie-card__text-col"
  >
    <p
      className="movie-card__details-item"
    >
      <strong
        className="movie-card__details-name"
      >
        Director
      </strong>
      <span
        className="movie-card__details-value"
      >
        Steven Zaillian
      </span>
    </p>
    <p
      className="movie-card__details-item"
    >
      <strong
        className="movie-card__details-name"
      >
        Starring
      </strong>
      <span
        className="movie-card__details-value"
      >
        John Travolta,
        <br />
         Robert Duvall,
        <br />
         Stephen Fry,
      </span>
    </p>
  </div>
  <div
    className="movie-card__text-col"
  >
    <p
      className="movie-card__details-item"
    >
      <strong
        className="movie-card__details-name"
      >
        Run Time
      </strong>
      <span
        className="movie-card__details-value"
      >
        1h 39m
      </span>
    </p>
    <p
      className="movie-card__details-item"
    >
      <strong
        className="movie-card__details-name"
      >
        Genre
      </strong>
      <span
        className="movie-card__details-value"
      >
        action
      </span>
    </p>
    <p
      className="movie-card__details-item"
    >
      <strong
        className="movie-card__details-name"
      >
        Released
      </strong>
      <span
        className="movie-card__details-value"
      >
        1998
      </span>
    </p>
  </div>
</div>
`;
