// Jest Snapshot v1, https://goo.gl/fbAQLP

exports[`ListMovie is renderer correctly 1`] = `
<div
  className="catalog__movies-list"
>
  <article
    className="small-movie-card catalog__movies-card"
    onClick={[Function]}
    onMouseOver={[Function]}
  >
    <div
      className="small-movie-card__image"
      onMouseOut={[Function]}
      onMouseOver={[Function]}
    >
      <video
        height="175"
        muted={true}
        onMouseOut={[Function]}
        onMouseOver={[Function]}
        poster=""
        width="280"
      >
        <source
          src="https://upload.wikimedia.org/wikipedia/commons/transcoded/b/b3/Big_Buck_Bunny_Trailer_400p.ogv/Big_Buck_Bunny_Trailer_400p.ogv.360p.webm"
        />
      </video>
    </div>
    <h3
      className="small-movie-card__title"
    >
      <a
        className="small-movie-card__link"
        href="#"
        onClick={[Function]}
      >
        Parasite
      </a>
    </h3>
  </article>
  <article
    className="small-movie-card catalog__movies-card"
    onClick={[Function]}
    onMouseOver={[Function]}
  >
    <div
      className="small-movie-card__image"
      onMouseOut={[Function]}
      onMouseOver={[Function]}
    >
      <video
        height="175"
        muted={true}
        onMouseOut={[Function]}
        onMouseOver={[Function]}
        poster=""
        width="280"
      >
        <source
          src="https://upload.wikimedia.org/wikipedia/commons/transcoded/b/b3/Big_Buck_Bunny_Trailer_400p.ogv/Big_Buck_Bunny_Trailer_400p.ogv.360p.webm"
        />
      </video>
    </div>
    <h3
      className="small-movie-card__title"
    >
      <a
        className="small-movie-card__link"
        href="#"
        onClick={[Function]}
      >
        Avengers: Endgame
      </a>
    </h3>
  </article>
  <article
    className="small-movie-card catalog__movies-card"
    onClick={[Function]}
    onMouseOver={[Function]}
  >
    <div
      className="small-movie-card__image"
      onMouseOut={[Function]}
      onMouseOver={[Function]}
    >
      <video
        height="175"
        muted={true}
        onMouseOut={[Function]}
        onMouseOver={[Function]}
        poster=""
        width="280"
      >
        <source
          src="https://upload.wikimedia.org/wikipedia/commons/transcoded/b/b3/Big_Buck_Bunny_Trailer_400p.ogv/Big_Buck_Bunny_Trailer_400p.ogv.360p.webm"
        />
      </video>
    </div>
    <h3
      className="small-movie-card__title"
    >
      <a
        className="small-movie-card__link"
        href="#"
        onClick={[Function]}
      >
        US
      </a>
    </h3>
  </article>
  <article
    className="small-movie-card catalog__movies-card"
    onClick={[Function]}
    onMouseOver={[Function]}
  >
    <div
      className="small-movie-card__image"
      onMouseOut={[Function]}
      onMouseOver={[Function]}
    >
      <video
        height="175"
        muted={true}
        onMouseOut={[Function]}
        onMouseOver={[Function]}
        poster=""
        width="280"
      >
        <source
          src="https://upload.wikimedia.org/wikipedia/commons/transcoded/b/b3/Big_Buck_Bunny_Trailer_400p.ogv/Big_Buck_Bunny_Trailer_400p.ogv.360p.webm"
        />
      </video>
    </div>
    <h3
      className="small-movie-card__title"
    >
      <a
        className="small-movie-card__link"
        href="#"
        onClick={[Function]}
      >
        Booksmart
      </a>
    </h3>
  </article>
   
</div>
`;
