// Jest Snapshot v1, https://goo.gl/fbAQLP

exports[`MockComponentWrapped is renderer correctly 1`] = `<div />`;
