// Jest Snapshot v1, https://goo.gl/fbAQLP

exports[`withActiveTab is renderer correctly 1`] = `<div />`;
