// Jest Snapshot v1, https://goo.gl/fbAQLP

exports[`withActiveItem is renderer correctly 1`] = `<div />`;
