// Jest Snapshot v1, https://goo.gl/fbAQLP

exports[`CardMovie is renderer correctly 1`] = `
<article
  className="small-movie-card catalog__movies-card"
  onMouseOver={[Function]}
>
  <div
    className="small-movie-card__image"
    onClick={[Function]}
  >
    <img
      alt="Booksmart"
      height="175"
      src="img/fantastic-beasts-the-crimes-of-grindelwald.jpg"
      width="280"
    />
  </div>
  <h3
    className="small-movie-card__title"
  >
    <a
      className="small-movie-card__link"
      href="#"
      onClick={[Function]}
    >
      Booksmart
    </a>
  </h3>
</article>
`;
