// Jest Snapshot v1, https://goo.gl/fbAQLP

exports[`ListMovie is renderer correctly 1`] = `
<div
  className="page-content"
>
  <section
    className="catalog catalog--like-this"
  >
    <h2
      className="catalog__title"
    >
      More like this
    </h2>
    <div
      className="catalog__movies-list"
    >
       
    </div>
  </section>
</div>
`;
